// Vitest Snapshot v1, https://vitest.dev/guide/snapshot.html

exports[`ManageBlackboardUsersStack > matches the snapshot 1`] = `
{
  "Parameters": {
    "BootstrapVersion": {
      "Default": "/cdk-bootstrap/hnb659fds/version",
      "Description": "Version of the CDK Bootstrap resources in this environment, automatically retrieved from SSM Parameter Store. [cdk:skip]",
      "Type": "AWS::SSM::Parameter::Value<String>",
    },
  },
  "Resources": {
    "snapshotLambda0B214E59": {
      "DependsOn": [
        "snapshotLambdaServiceRoleDBC47958",
      ],
      "Properties": {
        "Code": {
          "S3Bucket": {
            "Fn::Sub": "[ASSET BUCKET]",
          },
          "S3Key": "[ASSET ZIP]",
        },
        "Environment": {
          "Variables": {
            "USER_API_ENDPOINT": "https://webhook.site/e8402416-3786-4d0d-b860-0fa6848b154c",
          },
        },
        "FunctionName": "generateSnapshotFromWebhook",
        "Handler": "index.generateSnapshotFromWebhook",
        "MemorySize": 128,
        "Role": {
          "Fn::GetAtt": [
            "snapshotLambdaServiceRoleDBC47958",
            "Arn",
          ],
        },
        "Runtime": "nodejs20.x",
        "Tags": [
          {
            "Key": "york/defined_in",
            "Value": "cdk",
          },
          {
            "Key": "york/group",
            "Value": "ESG",
          },
          {
            "Key": "york/name",
            "Value": "ManageBlackboardUserStack",
          },
          {
            "Key": "york/policy_version",
            "Value": "2",
          },
          {
            "Key": "york/project",
            "Value": "ITS-Onboarding-Exercise",
          },
          {
            "Key": "york/pushed_by",
            "Value": "manual",
          },
          {
            "Key": "york/status",
            "Value": "dev",
          },
          {
            "Key": "york/team",
            "Value": "Teaching and Learning",
          },
          {
            "Key": "york/user",
            "Value": "tr901",
          },
        ],
      },
      "Type": "AWS::Lambda::Function",
    },
    "snapshotLambdaServiceRoleDBC47958": {
      "Properties": {
        "AssumeRolePolicyDocument": {
          "Statement": [
            {
              "Action": "sts:AssumeRole",
              "Effect": "Allow",
              "Principal": {
                "Service": "lambda.amazonaws.com",
              },
            },
          ],
          "Version": "2012-10-17",
        },
        "ManagedPolicyArns": [
          {
            "Fn::Join": [
              "",
              [
                "arn:",
                {
                  "Ref": "AWS::Partition",
                },
                ":iam::aws:policy/service-role/AWSLambdaBasicExecutionRole",
              ],
            ],
          },
        ],
        "Tags": [
          {
            "Key": "york/defined_in",
            "Value": "cdk",
          },
          {
            "Key": "york/group",
            "Value": "ESG",
          },
          {
            "Key": "york/name",
            "Value": "ManageBlackboardUserStack",
          },
          {
            "Key": "york/policy_version",
            "Value": "2",
          },
          {
            "Key": "york/project",
            "Value": "ITS-Onboarding-Exercise",
          },
          {
            "Key": "york/pushed_by",
            "Value": "manual",
          },
          {
            "Key": "york/status",
            "Value": "dev",
          },
          {
            "Key": "york/team",
            "Value": "Teaching and Learning",
          },
          {
            "Key": "york/user",
            "Value": "tr901",
          },
        ],
      },
      "Type": "AWS::IAM::Role",
    },
  },
  "Rules": {
    "CheckBootstrapVersion": {
      "Assertions": [
        {
          "Assert": {
            "Fn::Not": [
              {
                "Fn::Contains": [
                  [
                    "1",
                    "2",
                    "3",
                    "4",
                    "5",
                  ],
                  {
                    "Ref": "BootstrapVersion",
                  },
                ],
              },
            ],
          },
          "AssertDescription": "CDK bootstrap stack version 6 required. Please run 'cdk bootstrap' with a recent version of the CDK CLI.",
        },
      ],
    },
  },
}
`;
